Archive member included to satisfy reference by file (symbol)

/Applications/STM32CubeIDE.app/Contents/Eclipse/plugins/com.st.stm32cube.ide.mcu.externaltools.gnu-tools-for-stm32.11.3.rel1.macos64_1.1.1.202309131626/tools/bin/../lib/gcc/arm-none-eabi/11.3.1/../../../../arm-none-eabi/lib/thumb/v7e-m+fp/hard/libc_nano.a(libc_a-exit.o)
                              /Applications/STM32CubeIDE.app/Contents/Eclipse/plugins/com.st.stm32cube.ide.mcu.externaltools.gnu-tools-for-stm32.11.3.rel1.macos64_1.1.1.202309131626/tools/bin/../lib/gcc/arm-none-eabi/11.3.1/../../../../arm-none-eabi/lib/thumb/v7e-m+fp/hard/crt0.o (exit)
/Applications/STM32CubeIDE.app/Contents/Eclipse/plugins/com.st.stm32cube.ide.mcu.externaltools.gnu-tools-for-stm32.11.3.rel1.macos64_1.1.1.202309131626/tools/bin/../lib/gcc/arm-none-eabi/11.3.1/../../../../arm-none-eabi/lib/thumb/v7e-m+fp/hard/libc_nano.a(libc_a-findfp.o)
                              /Applications/STM32CubeIDE.app/Contents/Eclipse/plugins/com.st.stm32cube.ide.mcu.externaltools.gnu-tools-for-stm32.11.3.rel1.macos64_1.1.1.202309131626/tools/bin/../lib/gcc/arm-none-eabi/11.3.1/../../../../arm-none-eabi/lib/thumb/v7e-m+fp/hard/libc_nano.a(libc_a-exit.o) (__stdio_exit_handler)
/Applications/STM32CubeIDE.app/Contents/Eclipse/plugins/com.st.stm32cube.ide.mcu.externaltools.gnu-tools-for-stm32.11.3.rel1.macos64_1.1.1.202309131626/tools/bin/../lib/gcc/arm-none-eabi/11.3.1/../../../../arm-none-eabi/lib/thumb/v7e-m+fp/hard/libc_nano.a(libc_a-fwalk.o)
                              /Applications/STM32CubeIDE.app/Contents/Eclipse/plugins/com.st.stm32cube.ide.mcu.externaltools.gnu-tools-for-stm32.11.3.rel1.macos64_1.1.1.202309131626/tools/bin/../lib/gcc/arm-none-eabi/11.3.1/../../../../arm-none-eabi/lib/thumb/v7e-m+fp/hard/libc_nano.a(libc_a-findfp.o) (_fwalk_sglue)
/Applications/STM32CubeIDE.app/Contents/Eclipse/plugins/com.st.stm32cube.ide.mcu.externaltools.gnu-tools-for-stm32.11.3.rel1.macos64_1.1.1.202309131626/tools/bin/../lib/gcc/arm-none-eabi/11.3.1/../../../../arm-none-eabi/lib/thumb/v7e-m+fp/hard/libc_nano.a(libc_a-memset.o)
                              /Applications/STM32CubeIDE.app/Contents/Eclipse/plugins/com.st.stm32cube.ide.mcu.externaltools.gnu-tools-for-stm32.11.3.rel1.macos64_1.1.1.202309131626/tools/bin/../lib/gcc/arm-none-eabi/11.3.1/../../../../arm-none-eabi/lib/thumb/v7e-m+fp/hard/crt0.o (memset)
/Applications/STM32CubeIDE.app/Contents/Eclipse/plugins/com.st.stm32cube.ide.mcu.externaltools.gnu-tools-for-stm32.11.3.rel1.macos64_1.1.1.202309131626/tools/bin/../lib/gcc/arm-none-eabi/11.3.1/../../../../arm-none-eabi/lib/thumb/v7e-m+fp/hard/libc_nano.a(libc_a-impure.o)
                              /Applications/STM32CubeIDE.app/Contents/Eclipse/plugins/com.st.stm32cube.ide.mcu.externaltools.gnu-tools-for-stm32.11.3.rel1.macos64_1.1.1.202309131626/tools/bin/../lib/gcc/arm-none-eabi/11.3.1/../../../../arm-none-eabi/lib/thumb/v7e-m+fp/hard/libc_nano.a(libc_a-findfp.o) (_impure_data)
/Applications/STM32CubeIDE.app/Contents/Eclipse/plugins/com.st.stm32cube.ide.mcu.externaltools.gnu-tools-for-stm32.11.3.rel1.macos64_1.1.1.202309131626/tools/bin/../lib/gcc/arm-none-eabi/11.3.1/../../../../arm-none-eabi/lib/thumb/v7e-m+fp/hard/libc_nano.a(libc_a-errno.o)
                              ./Core/Src/syscalls.o (__errno)
/Applications/STM32CubeIDE.app/Contents/Eclipse/plugins/com.st.stm32cube.ide.mcu.externaltools.gnu-tools-for-stm32.11.3.rel1.macos64_1.1.1.202309131626/tools/bin/../lib/gcc/arm-none-eabi/11.3.1/../../../../arm-none-eabi/lib/thumb/v7e-m+fp/hard/libc_nano.a(libc_a-init.o)
                              /Applications/STM32CubeIDE.app/Contents/Eclipse/plugins/com.st.stm32cube.ide.mcu.externaltools.gnu-tools-for-stm32.11.3.rel1.macos64_1.1.1.202309131626/tools/bin/../lib/gcc/arm-none-eabi/11.3.1/../../../../arm-none-eabi/lib/thumb/v7e-m+fp/hard/crt0.o (__libc_init_array)
/Applications/STM32CubeIDE.app/Contents/Eclipse/plugins/com.st.stm32cube.ide.mcu.externaltools.gnu-tools-for-stm32.11.3.rel1.macos64_1.1.1.202309131626/tools/bin/../lib/gcc/arm-none-eabi/11.3.1/../../../../arm-none-eabi/lib/thumb/v7e-m+fp/hard/libc_nano.a(libc_a-lock.o)
                              /Applications/STM32CubeIDE.app/Contents/Eclipse/plugins/com.st.stm32cube.ide.mcu.externaltools.gnu-tools-for-stm32.11.3.rel1.macos64_1.1.1.202309131626/tools/bin/../lib/gcc/arm-none-eabi/11.3.1/../../../../arm-none-eabi/lib/thumb/v7e-m+fp/hard/libc_nano.a(libc_a-findfp.o) (__retarget_lock_init_recursive)
/Applications/STM32CubeIDE.app/Contents/Eclipse/plugins/com.st.stm32cube.ide.mcu.externaltools.gnu-tools-for-stm32.11.3.rel1.macos64_1.1.1.202309131626/tools/bin/../lib/gcc/arm-none-eabi/11.3.1/../../../../arm-none-eabi/lib/thumb/v7e-m+fp/hard/libc_nano.a(libc_a-mallocr.o)
[...]
Memory Configuration

Name             Origin             Length             Attributes
CCMRAM           0x0000000010000000 0x0000000000002000 xrw
RAM              0x0000000020000000 0x000000000000a000 xrw
FLASH            0x0000000008000000 0x0000000000040000 xr
*default*        0x0000000000000000 0xffffffffffffffff

Linker script and memory map

LOAD /Applications/STM32CubeIDE.app/Contents/Eclipse/plugins/com.st.stm32cube.ide.mcu.externaltools.gnu-tools-for-stm32.11.3.rel1.macos64_1.1.1.202309131626/tools/bin/../lib/gcc/arm-none-eabi/11.3.1/thumb/v7e-m+fp/hard/crti.o
LOAD /Applications/STM32CubeIDE.app/Contents/Eclipse/plugins/com.st.stm32cube.ide.mcu.externaltools.gnu-tools-for-stm32.11.3.rel1.macos64_1.1.1.202309131626/tools/bin/../lib/gcc/arm-none-eabi/11.3.1/thumb/v7e-m+fp/hard/crtbegin.o
LOAD /Applications/STM32CubeIDE.app/Contents/Eclipse/plugins/com.st.stm32cube.ide.mcu.externaltools.gnu-tools-for-stm32.11.3.rel1.macos64_1.1.1.202309131626/tools/bin/../lib/gcc/arm-none-eabi/11.3.1/../../../../arm-none-eabi/lib/thumb/v7e-m+fp/hard/crt0.o
LOAD ./Core/Src/DF_ROBOT_GAS.o
LOAD ./Core/Src/main.o
LOAD ./Core/Src/stm32f3xx_hal_msp.o
LOAD ./Core/Src/stm32f3xx_it.o
LOAD ./Core/Src/syscalls.o
LOAD ./Core/Src/sysmem.o
LOAD ./Core/Src/system_stm32f3xx.o
LOAD ./Core/Startup/startup_stm32f303vctx.o
LOAD ./Drivers/STM32F3xx_HAL_Driver/Src/stm32f3xx_hal.o
LOAD ./Drivers/STM32F3xx_HAL_Driver/Src/stm32f3xx_hal_cortex.o
LOAD ./Drivers/STM32F3xx_HAL_Driver/Src/stm32f3xx_hal_dma.o
LOAD ./Drivers/STM32F3xx_HAL_Driver/Src/stm32f3xx_hal_exti.o
LOAD ./Drivers/STM32F3xx_HAL_Driver/Src/stm32f3xx_hal_flash.o
LOAD ./Drivers/STM32F3xx_HAL_Driver/Src/stm32f3xx_hal_flash_ex.o
LOAD ./Drivers/STM32F3xx_HAL_Driver/Src/stm32f3xx_hal_gpio.o
LOAD ./Drivers/STM32F3xx_HAL_Driver/Src/stm32f3xx_hal_i2c.o
LOAD ./Drivers/STM32F3xx_HAL_Driver/Src/stm32f3xx_hal_i2c_ex.o
LOAD ./Drivers/STM32F3xx_HAL_Driver/Src/stm32f3xx_hal_pwr.o
LOAD ./Drivers/STM32F3xx_HAL_Driver/Src/stm32f3xx_hal_pwr_ex.o
LOAD ./Drivers/STM32F3xx_HAL_Driver/Src/stm32f3xx_hal_rcc.o
LOAD ./Drivers/STM32F3xx_HAL_Driver/Src/stm32f3xx_hal_rcc_ex.o
LOAD ./Drivers/STM32F3xx_HAL_Driver/Src/stm32f3xx_hal_tim.o
LOAD ./Drivers/STM32F3xx_HAL_Driver/Src/stm32f3xx_hal_tim_ex.o
LOAD ./Drivers/STM32F3xx_HAL_Driver/Src/stm32f3xx_hal_uart.o
LOAD ./Drivers/STM32F3xx_HAL_Driver/Src/stm32f3xx_hal_uart_ex.o
START GROUP
LOAD /Applications/STM32CubeIDE.app/Contents/Eclipse/plugins/com.st.stm32cube.ide.mcu.externaltools.gnu-tools-for-stm32.11.3.rel1.macos64_1.1.1.202309131626/tools/bin/../lib/gcc/arm-none-eabi/11.3.1/../../../../arm-none-eabi/lib/thumb/v7e-m+fp/hard/libc_nano.a
LOAD /Applications/STM32CubeIDE.app/Contents/Eclipse/plugins/com.st.stm32cube.ide.mcu.externaltools.gnu-tools-for-stm32.11.3.rel1.macos64_1.1.1.202309131626/tools/bin/../lib/gcc/arm-none-eabi/11.3.1/../../../../arm-none-eabi/lib/thumb/v7e-m+fp/hard/libm.a
END GROUP
START GROUP
LOAD /Applications/STM32CubeIDE.app/Contents/Eclipse/plugins/com.st.stm32cube.ide.mcu.externaltools.gnu-tools-for-stm32.11.3.rel1.macos64_1.1.1.202309131626/tools/bin/../lib/gcc/arm-none-eabi/11.3.1/thumb/v7e-m+fp/hard/libgcc.a
LOAD /Applications/STM32CubeIDE.app/Contents/Eclipse/plugins/com.st.stm32cube.ide.mcu.externaltools.gnu-tools-for-stm32.11.3.rel1.macos64_1.1.1.202309131626/tools/bin/../lib/gcc/arm-none-eabi/11.3.1/../../../../arm-none-eabi/lib/thumb/v7e-m+fp/hard/libc_nano.a
END GROUP
START GROUP
LOAD /Applications/STM32CubeIDE.app/Contents/Eclipse/plugins/com.st.stm32cube.ide.mcu.externaltools.gnu-tools-for-stm32.11.3.rel1.macos64_1.1.1.202309131626/tools/bin/../lib/gcc/arm-none-eabi/11.3.1/thumb/v7e-m+fp/hard/libgcc.a
LOAD /Applications/STM32CubeIDE.app/Contents/Eclipse/plugins/com.st.stm32cube.ide.mcu.externaltools.gnu-tools-for-stm32.11.3.rel1.macos64_1.1.1.202309131626/tools/bin/../lib/gcc/arm-none-eabi/11.3.1/../../../../arm-none-eabi/lib/thumb/v7e-m+fp/hard/libc_nano.a
LOAD /Applications/STM32CubeIDE.app/Contents/Eclipse/plugins/com.st.stm32cube.ide.mcu.externaltools.gnu-tools-for-stm32.11.3.rel1.macos64_1.1.1.202309131626/tools/bin/../lib/gcc/arm-none-eabi/11.3.1/../../../../arm-none-eabi/lib/thumb/v7e-m+fp/hard/libnosys.a
END GROUP
START GROUP
LOAD /Applications/STM32CubeIDE.app/Contents/Eclipse/plugins/com.st.stm32cube.ide.mcu.externaltools.gnu-tools-for-stm32.11.3.rel1.macos64_1.1.1.202309131626/tools/bin/../lib/gcc/arm-none-eabi/11.3.1/thumb/v7e-m+fp/hard/libgcc.a
LOAD /Applications/STM32CubeIDE.app/Contents/Eclipse/plugins/com.st.stm32cube.ide.mcu.externaltools.gnu-tools-for-stm32.11.3.rel1.macos64_1.1.1.202309131626/tools/bin/../lib/gcc/arm-none-eabi/11.3.1/../../../../arm-none-eabi/lib/thumb/v7e-m+fp/hard/libc_nano.a
LOAD /Applications/STM32CubeIDE.app/Contents/Eclipse/plugins/com.st.stm32cube.ide.mcu.externaltools.gnu-tools-for-stm32.11.3.rel1.macos64_1.1.1.202309131626/tools/bin/../lib/gcc/arm-none-eabi/11.3.1/../../../../arm-none-eabi/lib/thumb/v7e-m+fp/hard/libnosys.a
END GROUP
LOAD /Applications/STM32CubeIDE.app/Contents/Eclipse/plugins/com.st.stm32cube.ide.mcu.externaltools.gnu-tools-for-stm32.11.3.rel1.macos64_1.1.1.202309131626/tools/bin/../lib/gcc/arm-none-eabi/11.3.1/thumb/v7e-m+fp/hard/crtend.o
LOAD /Applications/STM32CubeIDE.app/Contents/Eclipse/plugins/com.st.stm32cube.ide.mcu.externaltools.gnu-tools-for-stm32.11.3.rel1.macos64_1.1.1.202309131626/tools/bin/../lib/gcc/arm-none-eabi/11.3.1/thumb/v7e-m+fp/hard/crtn.o
                0x000000002000a000                _estack = (ORIGIN (RAM) + LENGTH (RAM))
                0x0000000000000200                _Min_Heap_Size = 0x200
                0x0000000000000400                _Min_Stack_Size = 0x400

.isr_vector     0x0000000008000000      0x188
                0x0000000008000000                . = ALIGN (0x4)
 *(.isr_vector)
 .isr_vector    0x0000000008000000      0x188 ./Core/Startup/startup_stm32f303vctx.o
                0x0000000008000000                g_pfnVectors
                0x0000000008000188                . = ALIGN (0x4)

.text           0x0000000008000188     0x3a8c
                0x0000000008000188                . = ALIGN (0x4)
 *(.text)
 .text          0x0000000008000188       0x40 /Applications/STM32CubeIDE.app/Contents/Eclipse/plugins/com.st.stm32cube.ide.mcu.externaltools.gnu-tools-for-stm32.11.3.rel1.macos64_1.1.1.202309131626/tools/bin/../lib/gcc/arm-none-eabi/11.3.1/thumb/v7e-m+fp/hard/crtbegin.o
 *(.text*)
 .text.Checksum
                0x00000000080001c8       0x50 ./Core/Src/DF_ROBOT_GAS.o
 .text.extractConcentration
                0x0000000008000218       0x64 ./Core/Src/DF_ROBOT_GAS.o
                0x0000000008000218                extractConcentration
 .text.readSensorData
                0x000000000800027c       0x94 ./Core/Src/DF_ROBOT_GAS.o
                0x000000000800027c                readSensorData
 .text.main     0x0000000008000310       0x60 ./Core/Src/main.o
                0x0000000008000310                main
 .text.SystemClock_Config
                0x0000000008000370       0xc4 ./Core/Src/main.o
                0x0000000008000370                SystemClock_Config
 .text.MX_I2C1_Init
                0x0000000008000434       0x80 ./Core/Src/main.o
 .text.MX_UART4_Init
                0x00000000080004b4       0x60 ./Core/Src/main.o
 .text.MX_UART5_Init
                0x0000000008000514       0x60 ./Core/Src/main.o
 .text.MX_USART2_UART_Init
                0x0000000008000574       0x60 ./Core/Src/main.o
 .text.MX_GPIO_Init
                0x00000000080005d4       0x90 ./Core/Src/main.o
 .text.Error_Handler
                0x0000000008000664        0xa ./Core/Src/main.o
                0x0000000008000664                Error_Handler
 *fill*         0x000000000800066e        0x2 
 .text.HAL_MspInit
                0x0000000008000670       0x48 ./Core/Src/stm32f3xx_hal_msp.o
                0x0000000008000670                HAL_MspInit
 .text.HAL_I2C_MspInit
                0x00000000080006b8       0xc4 ./Core/Src/stm32f3xx_hal_msp.o
                0x00000000080006b8                HAL_I2C_MspInit
 .text.HAL_UART_MspInit
                0x000000000800077c      0x188 ./Core/Src/stm32f3xx_hal_msp.o
                0x000000000800077c                HAL_UART_MspInit
 .text.NMI_Handler
                0x0000000008000904        0x6 ./Core/Src/stm32f3xx_it.o
                0x0000000008000904                NMI_Handler
 .text.HardFault_Handler
                0x000000000800090a        0x6 ./Core/Src/stm32f3xx_it.o
                0x000000000800090a                HardFault_Handler
 .text.MemManage_Handler
                0x0000000008000910        0x6 ./Core/Src/stm32f3xx_it.o
                0x0000000008000910                MemManage_Handler
 .text.BusFault_Handler
                0x0000000008000916        0x6 ./Core/Src/stm32f3xx_it.o
                0x0000000008000916                BusFault_Handler
 .text.UsageFault_Handler
                0x000000000800091c        0x6 ./Core/Src/stm32f3xx_it.o
                0x000000000800091c                UsageFault_Handler
 .text.SVC_Handler
                0x0000000008000922        0xe ./Core/Src/stm32f3xx_it.o
                0x0000000008000922                SVC_Handler
 .text.DebugMon_Handler
                0x0000000008000930        0xe ./Core/Src/stm32f3xx_it.o
                0x0000000008000930                DebugMon_Handler
 .text.PendSV_Handler
                0x000000000800093e        0xe ./Core/Src/stm32f3xx_it.o
                0x000000000800093e                PendSV_Handler
 .text.SysTick_Handler
                0x000000000800094c        0xc ./Core/Src/stm32f3xx_it.o
                0x000000000800094c                SysTick_Handler
 .text.SystemInit
                0x0000000008000958       0x24 ./Core/Src/system_stm32f3xx.o
                0x0000000008000958                SystemInit
 .text.Reset_Handler
                0x000000000800097c       0x50 ./Core/Startup/startup_stm32f303vctx.o
                0x000000000800097c                Reset_Handler
 .text.Default_Handler
                0x00000000080009cc        0x2 ./Core/Startup/startup_stm32f303vctx.o
                0x00000000080009cc                TIM1_BRK_TIM15_IRQHandler
                0x00000000080009cc                TIM8_TRG_COM_IRQHandler
                0x00000000080009cc                TIM8_CC_IRQHandler
                0x00000000080009cc                TIM1_CC_IRQHandler
                0x00000000080009cc                USB_HP_IRQHandler
                0x00000000080009cc                PVD_IRQHandler
                0x00000000080009cc                TAMP_STAMP_IRQHandler
                0x00000000080009cc                EXTI3_IRQHandler
                0x00000000080009cc                USB_HP_CAN_TX_IRQHandler
                0x00000000080009cc                EXTI0_IRQHandler
                0x00000000080009cc                I2C2_EV_IRQHandler
                0x00000000080009cc                FPU_IRQHandler
                0x00000000080009cc                TIM1_UP_TIM16_IRQHandler
                0x00000000080009cc                ADC1_2_IRQHandler
                0x00000000080009cc                SPI1_IRQHandler
                0x00000000080009cc                CAN_SCE_IRQHandler
                0x00000000080009cc                TIM6_DAC_IRQHandler
                0x00000000080009cc                TIM8_UP_IRQHandler
                0x00000000080009cc                DMA2_Channel2_IRQHandler
                0x00000000080009cc                DMA1_Channel4_IRQHandler
                0x00000000080009cc                USART3_IRQHandler
                0x00000000080009cc                DMA1_Channel7_IRQHandler
                0x00000000080009cc                UART5_IRQHandler
                0x00000000080009cc                ADC3_IRQHandler
                0x00000000080009cc                TIM4_IRQHandler
                0x00000000080009cc                CAN_RX1_IRQHandler
                0x00000000080009cc                DMA2_Channel1_IRQHandler
                0x00000000080009cc                I2C1_EV_IRQHandler
                0x00000000080009cc                DMA1_Channel6_IRQHandler
                0x00000000080009cc                UART4_IRQHandler
                0x00000000080009cc                DMA2_Channel4_IRQHandler
                0x00000000080009cc                TIM3_IRQHandler
                0x00000000080009cc                RCC_IRQHandler
                0x00000000080009cc                DMA1_Channel1_IRQHandler
                0x00000000080009cc                Default_Handler
                0x00000000080009cc                USBWakeUp_RMP_IRQHandler
                0x00000000080009cc                EXTI15_10_IRQHandler
                0x00000000080009cc                TIM7_IRQHandler
                0x00000000080009cc                EXTI9_5_IRQHandler
                0x00000000080009cc                RTC_WKUP_IRQHandler
                0x00000000080009cc                SPI2_IRQHandler
                0x00000000080009cc                USB_LP_CAN_RX0_IRQHandler
                0x00000000080009cc                DMA2_Channel5_IRQHandler
                0x00000000080009cc                DMA1_Channel5_IRQHandler
                0x00000000080009cc                USB_LP_IRQHandler
                0x00000000080009cc                EXTI4_IRQHandler
                0x00000000080009cc                TIM1_TRG_COM_TIM17_IRQHandler
                0x00000000080009cc                DMA1_Channel3_IRQHandler
                0x00000000080009cc                ADC4_IRQHandler
                0x00000000080009cc                WWDG_IRQHandler
                0x00000000080009cc                TIM2_IRQHandler
                0x00000000080009cc                COMP7_IRQHandler
                0x00000000080009cc                COMP1_2_3_IRQHandler
                0x00000000080009cc                EXTI1_IRQHandler
                0x00000000080009cc                USART2_IRQHandler
                0x00000000080009cc                COMP4_5_6_IRQHandler
                0x00000000080009cc                I2C2_ER_IRQHandler
                0x00000000080009cc                DMA1_Channel2_IRQHandler
                0x00000000080009cc                TIM8_BRK_IRQHandler
                0x00000000080009cc                FLASH_IRQHandler
                0x00000000080009cc                USART1_IRQHandler
                0x00000000080009cc                SPI3_IRQHandler
                0x00000000080009cc                I2C1_ER_IRQHandler
                0x00000000080009cc                USBWakeUp_IRQHandler
                0x00000000080009cc                DMA2_Channel3_IRQHandler
                0x00000000080009cc                EXTI2_TSC_IRQHandler
                0x00000000080009cc                RTC_Alarm_IRQHandler
 *fill*         0x00000000080009ce        0x2 
 .text.HAL_Init
                0x00000000080009d0       0x2c ./Drivers/STM32F3xx_HAL_Driver/Src/stm32f3xx_hal.o
                0x00000000080009d0                HAL_Init
 .text.HAL_InitTick
                0x00000000080009fc       0x60 ./Drivers/STM32F3xx_HAL_Driver/Src/stm32f3xx_hal.o
                0x00000000080009fc                HAL_InitTick
 .text.HAL_IncTick
                0x0000000008000a5c       0x28 ./Drivers/STM32F3xx_HAL_Driver/Src/stm32f3xx_hal.o
                0x0000000008000a5c                HAL_IncTick
 .text.HAL_GetTick
                0x0000000008000a84       0x18 ./Drivers/STM32F3xx_HAL_Driver/Src/stm32f3xx_hal.o
                0x0000000008000a84                HAL_GetTick
 .text.HAL_Delay
                0x0000000008000a9c       0x48 ./Drivers/STM32F3xx_HAL_Driver/Src/stm32f3xx_hal.o
                0x0000000008000a9c                HAL_Delay
 .text.__NVIC_SetPriorityGrouping
                0x0000000008000ae4       0x48 ./Drivers/STM32F3xx_HAL_Driver/Src/stm32f3xx_hal_cortex.o
 .text.__NVIC_GetPriorityGrouping
                0x0000000008000b2c       0x1c ./Drivers/STM32F3xx_HAL_Driver/Src/stm32f3xx_hal_cortex.o
 .text.__NVIC_SetPriority
                0x0000000008000b48       0x54 ./Drivers/STM32F3xx_HAL_Driver/Src/stm32f3xx_hal_cortex.o
 .text.NVIC_EncodePriority
                0x0000000008000b9c       0x66 ./Drivers/STM32F3xx_HAL_Driver/Src/stm32f3xx_hal_cortex.o
 *fill*         0x0000000008000c02        0x2 
 .text.SysTick_Config
                0x0000000008000c04       0x44 ./Drivers/STM32F3xx_HAL_Driver/Src/stm32f3xx_hal_cortex.o
 .text.HAL_NVIC_SetPriorityGrouping
                0x0000000008000c48       0x16 ./Drivers/STM32F3xx_HAL_Driver/Src/stm32f3xx_hal_cortex.o
                0x0000000008000c48                HAL_NVIC_SetPriorityGrouping
 .text.HAL_NVIC_SetPriority
                0x0000000008000c5e       0x38 ./Drivers/STM32F3xx_HAL_Driver/Src/stm32f3xx_hal_cortex.o
                0x0000000008000c5e                HAL_NVIC_SetPriority
 .text.HAL_SYSTICK_Config
                0x0000000008000c96       0x18 ./Drivers/STM32F3xx_HAL_Driver/Src/stm32f3xx_hal_cortex.o
                0x0000000008000c96                HAL_SYSTICK_Config
 *fill*         0x0000000008000cae        0x2 
 .text.HAL_GPIO_Init
                0x0000000008000cb0      0x2f4 ./Drivers/STM32F3xx_HAL_Driver/Src/stm32f3xx_hal_gpio.o
                0x0000000008000cb0                HAL_GPIO_Init
 .text.HAL_I2C_Init
                0x0000000008000fa4      0x11e ./Drivers/STM32F3xx_HAL_Driver/Src/stm32f3xx_hal_i2c.o
                0x0000000008000fa4                HAL_I2C_Init
 *fill*         0x00000000080010c2        0x2 
 .text.HAL_I2C_Master_Transmit
                0x00000000080010c4      0x1e8 ./Drivers/STM32F3xx_HAL_Driver/Src/stm32f3xx_hal_i2c.o
                0x00000000080010c4                HAL_I2C_Master_Transmit
 .text.HAL_I2C_Master_Receive
                0x00000000080012ac      0x1ec ./Drivers/STM32F3xx_HAL_Driver/Src/stm32f3xx_hal_i2c.o
                0x00000000080012ac                HAL_I2C_Master_Receive
 .text.I2C_Flush_TXDR
                0x0000000008001498       0x48 ./Drivers/STM32F3xx_HAL_Driver/Src/stm32f3xx_hal_i2c.o
 .text.I2C_WaitOnFlagUntilTimeout
                0x00000000080014e0       0x9e ./Drivers/STM32F3xx_HAL_Driver/Src/stm32f3xx_hal_i2c.o
 .text.I2C_WaitOnTXISFlagUntilTimeout
                0x000000000800157e       0x8e ./Drivers/STM32F3xx_HAL_Driver/Src/stm32f3xx_hal_i2c.o
 .text.I2C_WaitOnSTOPFlagUntilTimeout
                0x000000000800160c       0x86 ./Drivers/STM32F3xx_HAL_Driver/Src/stm32f3xx_hal_i2c.o
 *fill*         0x0000000008001692        0x2 
 .text.I2C_WaitOnRXNEFlagUntilTimeout
                0x0000000008001694      0x104 ./Drivers/STM32F3xx_HAL_Driver/Src/stm32f3xx_hal_i2c.o
 .text.I2C_IsErrorOccurred
                0x0000000008001798      0x1c0 ./Drivers/STM32F3xx_HAL_Driver/Src/stm32f3xx_hal_i2c.o
 .text.I2C_TransferConfig
                0x0000000008001958       0x64 ./Drivers/STM32F3xx_HAL_Driver/Src/stm32f3xx_hal_i2c.o
 .text.HAL_I2CEx_ConfigAnalogFilter
                0x00000000080019bc       0x96 ./Drivers/STM32F3xx_HAL_Driver/Src/stm32f3xx_hal_i2c_ex.o
                0x00000000080019bc                HAL_I2CEx_ConfigAnalogFilter
 .text.HAL_I2CEx_ConfigDigitalFilter
                0x0000000008001a52       0x98 ./Drivers/STM32F3xx_HAL_Driver/Src/stm32f3xx_hal_i2c_ex.o
                0x0000000008001a52                HAL_I2CEx_ConfigDigitalFilter
 *fill*         0x0000000008001aea        0x2 
 .text.HAL_RCC_OscConfig
                0x0000000008001aec     0x107c ./Drivers/STM32F3xx_HAL_Driver/Src/stm32f3xx_hal_rcc.o
                0x0000000008001aec                HAL_RCC_OscConfig
 .text.HAL_RCC_ClockConfig
                0x0000000008002b68      0x2f8 ./Drivers/STM32F3xx_HAL_Driver/Src/stm32f3xx_hal_rcc.o
                0x0000000008002b68                HAL_RCC_ClockConfig
 .text.HAL_RCC_GetSysClockFreq
                0x0000000008002e60       0xd4 ./Drivers/STM32F3xx_HAL_Driver/Src/stm32f3xx_hal_rcc.o
                0x0000000008002e60                HAL_RCC_GetSysClockFreq
 .text.HAL_RCC_GetHCLKFreq
                0x0000000008002f34       0x18 ./Drivers/STM32F3xx_HAL_Driver/Src/stm32f3xx_hal_rcc.o
                0x0000000008002f34                HAL_RCC_GetHCLKFreq
 .text.HAL_RCC_GetPCLK1Freq
                0x0000000008002f4c       0x44 ./Drivers/STM32F3xx_HAL_Driver/Src/stm32f3xx_hal_rcc.o
                0x0000000008002f4c                HAL_RCC_GetPCLK1Freq
 .text.HAL_RCC_GetPCLK2Freq
                0x0000000008002f90       0x44 ./Drivers/STM32F3xx_HAL_Driver/Src/stm32f3xx_hal_rcc.o
                0x0000000008002f90                HAL_RCC_GetPCLK2Freq
 .text.HAL_RCCEx_PeriphCLKConfig
                0x0000000008002fd4      0x360 ./Drivers/STM32F3xx_HAL_Driver/Src/stm32f3xx_hal_rcc_ex.o
                0x0000000008002fd4                HAL_RCCEx_PeriphCLKConfig
 .text.HAL_UART_Init
                0x0000000008003334       0x9c ./Drivers/STM32F3xx_HAL_Driver/Src/stm32f3xx_hal_uart.o
                0x0000000008003334                HAL_UART_Init
 .text.UART_SetConfig
                0x00000000080033d0      0x3a8 ./Drivers/STM32F3xx_HAL_Driver/Src/stm32f3xx_hal_uart.o
                0x00000000080033d0                UART_SetConfig
 .text.UART_AdvFeatureConfig
                0x0000000008003778      0x144 ./Drivers/STM32F3xx_HAL_Driver/Src/stm32f3xx_hal_uart.o
                0x0000000008003778                UART_AdvFeatureConfig
 .text.UART_CheckIdleState
                0x00000000080038bc      0x150 ./Drivers/STM32F3xx_HAL_Driver/Src/stm32f3xx_hal_uart.o
                0x00000000080038bc                UART_CheckIdleState
 .text.UART_WaitOnFlagUntilTimeout
                0x0000000008003a0c       0xce ./Drivers/STM32F3xx_HAL_Driver/Src/stm32f3xx_hal_uart.o
                0x0000000008003a0c                UART_WaitOnFlagUntilTimeout
 .text.UART_EndRxTransfer
                0x0000000008003ada       0xc8 ./Drivers/STM32F3xx_HAL_Driver/Src/stm32f3xx_hal_uart.o
 .text.memset   0x0000000008003ba2       0x10 /Applications/STM32CubeIDE.app/Contents/Eclipse/plugins/com.st.stm32cube.ide.mcu.externaltools.gnu-tools-for-stm32.11.3.rel1.macos64_1.1.1.202309131626/tools/bin/../lib/gcc/arm-none-eabi/11.3.1/../../../../arm-none-eabi/lib/thumb/v7e-m+fp/hard/libc_nano.a(libc_a-memset.o)
                0x0000000008003ba2                memset
 *fill*         0x0000000008003bb2        0x2 
 .text.__libc_init_array
                0x0000000008003bb4       0x48 /Applications/STM32CubeIDE.app/Contents/Eclipse/plugins/com.st.stm32cube.ide.mcu.externaltools.gnu-tools-for-stm32.11.3.rel1.macos64_1.1.1.202309131626/tools/bin/../lib/gcc/arm-none-eabi/11.3.1/../../../../arm-none-eabi/lib/thumb/v7e-m+fp/hard/libc_nano.a(libc_a-init.o)
                0x0000000008003bb4                __libc_init_array
 *(.glue_7)
 .glue_7        0x0000000008003bfc        0x0 linker stubs
 *(.glue_7t)
 .glue_7t       0x0000000008003bfc        0x0 linker stubs
 *(.eh_frame)
 .eh_frame      0x0000000008003bfc        0x0 /Applications/STM32CubeIDE.app/Contents/Eclipse/plugins/com.st.stm32cube.ide.mcu.externaltools.gnu-tools-for-stm32.11.3.rel1.macos64_1.1.1.202309131626/tools/bin/../lib/gcc/arm-none-eabi/11.3.1/thumb/v7e-m+fp/hard/crtbegin.o
 *(.init)
 .init          0x0000000008003bfc        0x4 /Applications/STM32CubeIDE.app/Contents/Eclipse/plugins/com.st.stm32cube.ide.mcu.externaltools.gnu-tools-for-stm32.11.3.rel1.macos64_1.1.1.202309131626/tools/bin/../lib/gcc/arm-none-eabi/11.3.1/thumb/v7e-m+fp/hard/crti.o
                0x0000000008003bfc                _init
 .init          0x0000000008003c00        0x8 /Applications/STM32CubeIDE.app/Contents/Eclipse/plugins/com.st.stm32cube.ide.mcu.externaltools.gnu-tools-for-stm32.11.3.rel1.macos64_1.1.1.202309131626/tools/bin/../lib/gcc/arm-none-eabi/11.3.1/thumb/v7e-m+fp/hard/crtn.o
 *(.fini)
 .fini          0x0000000008003c08        0x4 /Applications/STM32CubeIDE.app/Contents/Eclipse/plugins/com.st.stm32cube.ide.mcu.externaltools.gnu-tools-for-stm32.11.3.rel1.macos64_1.1.1.202309131626/tools/bin/../lib/gcc/arm-none-eabi/11.3.1/thumb/v7e-m+fp/hard/crti.o
                0x0000000008003c08                _fini
 .fini          0x0000000008003c0c        0x8 /Applications/STM32CubeIDE.app/Contents/Eclipse/plugins/com.st.stm32cube.ide.mcu.externaltools.gnu-tools-for-stm32.11.3.rel1.macos64_1.1.1.202309131626/tools/bin/../lib/gcc/arm-none-eabi/11.3.1/thumb/v7e-m+fp/hard/crtn.o
                0x0000000008003c14                . = ALIGN (0x4)
                0x0000000008003c14                _etext = .

.vfp11_veneer   0x0000000008003c14        0x0
 .vfp11_veneer  0x0000000008003c14        0x0 linker stubs

.v4_bx          0x0000000008003c14        0x0
 .v4_bx         0x0000000008003c14        0x0 linker stubs

.iplt           0x0000000008003c14        0x0
 .iplt          0x0000000008003c14        0x0 /Applications/STM32CubeIDE.app/Contents/Eclipse/plugins/com.st.stm32cube.ide.mcu.externaltools.gnu-tools-for-stm32.11.3.rel1.macos64_1.1.1.202309131626/tools/bin/../lib/gcc/arm-none-eabi/11.3.1/thumb/v7e-m+fp/hard/crtbegin.o

.rodata         0x0000000008003c14       0x38
                0x0000000008003c14                . = ALIGN (0x4)
 *(.rodata)
 *(.rodata*)
 .rodata.AHBPrescTable
                0x0000000008003c14       0x10 ./Core/Src/system_stm32f3xx.o
                0x0000000008003c14                AHBPrescTable
 .rodata.APBPrescTable
                0x0000000008003c24        0x8 ./Core/Src/system_stm32f3xx.o
                0x0000000008003c24                APBPrescTable
 .rodata.aPLLMULFactorTable
                0x0000000008003c2c       0x10 ./Drivers/STM32F3xx_HAL_Driver/Src/stm32f3xx_hal_rcc.o
 .rodata.aPredivFactorTable
                0x0000000008003c3c       0x10 ./Drivers/STM32F3xx_HAL_Driver/Src/stm32f3xx_hal_rcc.o
                0x0000000008003c4c                . = ALIGN (0x4)

.rel.dyn        0x0000000008003c4c        0x0
 .rel.iplt      0x0000000008003c4c        0x0 /Applications/STM32CubeIDE.app/Contents/Eclipse/plugins/com.st.stm32cube.ide.mcu.externaltools.gnu-tools-for-stm32.11.3.rel1.macos64_1.1.1.202309131626/tools/bin/../lib/gcc/arm-none-eabi/11.3.1/thumb/v7e-m+fp/hard/crtbegin.o

.ARM.extab      0x0000000008003c4c        0x0
                0x0000000008003c4c                . = ALIGN (0x4)
 *(.ARM.extab* .gnu.linkonce.armextab.*)
                0x0000000008003c4c                . = ALIGN (0x4)

.ARM            0x0000000008003c4c        0x0
                0x0000000008003c4c                . = ALIGN (0x4)
                0x0000000008003c4c                __exidx_start = .
 *(.ARM.exidx*)
                0x0000000008003c4c                __exidx_end = .
                0x0000000008003c4c                . = ALIGN (0x4)

.preinit_array  0x0000000008003c4c        0x0
                0x0000000008003c4c                . = ALIGN (0x4)
                0x0000000008003c4c                PROVIDE (__preinit_array_start = .)
 *(.preinit_array*)
                0x0000000008003c4c                PROVIDE (__preinit_array_end = .)
                0x0000000008003c4c                . = ALIGN (0x4)

.init_array     0x0000000008003c4c        0x4
                0x0000000008003c4c                . = ALIGN (0x4)
                0x0000000008003c4c                PROVIDE (__init_array_start = .)
 *(SORT_BY_NAME(.init_array.*))
 *(.init_array*)
 .init_array    0x0000000008003c4c        0x4 /Applications/STM32CubeIDE.app/Contents/Eclipse/plugins/com.st.stm32cube.ide.mcu.externaltools.gnu-tools-for-stm32.11.3.rel1.macos64_1.1.1.202309131626/tools/bin/../lib/gcc/arm-none-eabi/11.3.1/thumb/v7e-m+fp/hard/crtbegin.o
                0x0000000008003c50                PROVIDE (__init_array_end = .)
                0x0000000008003c50                . = ALIGN (0x4)

.fini_array     0x0000000008003c50        0x4
                0x0000000008003c50                . = ALIGN (0x4)
                [!provide]                        PROVIDE (__fini_array_start = .)
 *(SORT_BY_NAME(.fini_array.*))
 *(.fini_array*)
 .fini_array    0x0000000008003c50        0x4 /Applications/STM32CubeIDE.app/Contents/Eclipse/plugins/com.st.stm32cube.ide.mcu.externaltools.gnu-tools-for-stm32.11.3.rel1.macos64_1.1.1.202309131626/tools/bin/../lib/gcc/arm-none-eabi/11.3.1/thumb/v7e-m+fp/hard/crtbegin.o
                [!provide]                        PROVIDE (__fini_array_end = .)
                0x0000000008003c54                . = ALIGN (0x4)
                0x0000000008003c54                _sidata = LOADADDR (.data)

.data           0x0000000020000000       0x18 load address 0x0000000008003c54
                0x0000000020000000                . = ALIGN (0x4)
                0x0000000020000000                _sdata = .
 *(.data)
 *(.data*)
 .data.Read_concentration_cmd
                0x0000000020000000        0x9 ./Core/Src/DF_ROBOT_GAS.o
                0x0000000020000000                Read_concentration_cmd
 *fill*         0x0000000020000009        0x3 
 .data.SystemCoreClock
                0x000000002000000c        0x4 ./Core/Src/system_stm32f3xx.o
                0x000000002000000c                SystemCoreClock
 .data.uwTickPrio
                0x0000000020000010        0x4 ./Drivers/STM32F3xx_HAL_Driver/Src/stm32f3xx_hal.o
                0x0000000020000010                uwTickPrio
 .data.uwTickFreq
                0x0000000020000014        0x1 ./Drivers/STM32F3xx_HAL_Driver/Src/stm32f3xx_hal.o
                0x0000000020000014                uwTickFreq
 *(.RamFunc)
 *(.RamFunc*)
                0x0000000020000018                . = ALIGN (0x4)
 *fill*         0x0000000020000015        0x3 
                0x0000000020000018                _edata = .
                0x0000000008003c6c                _siccmram = LOADADDR (.ccmram)

.igot.plt       0x0000000020000018        0x0 load address 0x0000000008003c6c
 .igot.plt      0x0000000020000018        0x0 /Applications/STM32CubeIDE.app/Contents/Eclipse/plugins/com.st.stm32cube.ide.mcu.externaltools.gnu-tools-for-stm32.11.3.rel1.macos64_1.1.1.202309131626/tools/bin/../lib/gcc/arm-none-eabi/11.3.1/thumb/v7e-m+fp/hard/crtbegin.o

.ccmram         0x0000000010000000        0x0 load address 0x0000000008003c6c
                0x0000000010000000                . = ALIGN (0x4)
                0x0000000010000000                _sccmram = .
 *(.ccmram)
 *(.ccmram*)
                0x0000000010000000                . = ALIGN (0x4)
                0x0000000010000000                _eccmram = .
                0x0000000010000000                . = ALIGN (0x4)

.bss            0x0000000020000018      0x210
                0x0000000020000018                _sbss = .
                0x0000000020000018                __bss_start__ = _sbss
 *(.bss)
 .bss           0x0000000020000018       0x1c /Applications/STM32CubeIDE.app/Contents/Eclipse/plugins/com.st.stm32cube.ide.mcu.externaltools.gnu-tools-for-stm32.11.3.rel1.macos64_1.1.1.202309131626/tools/bin/../lib/gcc/arm-none-eabi/11.3.1/thumb/v7e-m+fp/hard/crtbegin.o
 *(.bss*)
 .bss.hi2c1     0x0000000020000034       0x54 ./Core/Src/main.o
                0x0000000020000034                hi2c1
 .bss.huart4    0x0000000020000088       0x88 ./Core/Src/main.o
                0x0000000020000088                huart4
 .bss.huart5    0x0000000020000110       0x88 ./Core/Src/main.o
                0x0000000020000110                huart5
 .bss.huart2    0x0000000020000198       0x88 ./Core/Src/main.o
                0x0000000020000198                huart2
 .bss.O3_PPM    0x0000000020000220        0x1 ./Core/Src/main.o
                0x0000000020000220                O3_PPM
 .bss.NO2_PPM   0x0000000020000221        0x1 ./Core/Src/main.o
                0x0000000020000221                NO2_PPM
 .bss.CO_PPM    0x0000000020000222        0x1 ./Core/Src/main.o
                0x0000000020000222                CO_PPM
 *fill*         0x0000000020000223        0x1 
 .bss.uwTick    0x0000000020000224        0x4 ./Drivers/STM32F3xx_HAL_Driver/Src/stm32f3xx_hal.o
                0x0000000020000224                uwTick
 *(COMMON)
                0x0000000020000228                . = ALIGN (0x4)
                0x0000000020000228                _ebss = .
                0x0000000020000228                __bss_end__ = _ebss

._user_heap_stack
                0x0000000020000228      0x600
                0x0000000020000228                . = ALIGN (0x8)
                [!provide]                        PROVIDE (end = .)
                0x0000000020000228                PROVIDE (_end = .)
                0x0000000020000428                . = (. + _Min_Heap_Size)
 *fill*         0x0000000020000228      0x200 
                0x0000000020000828                . = (. + _Min_Stack_Size)
 *fill*         0x0000000020000428      0x400 
                0x0000000020000828                . = ALIGN (0x8)

/DISCARD/
 libc.a(*)
 libm.a(*)
 libgcc.a(*)

.ARM.attributes
                0x0000000000000000       0x30
 *(.ARM.attributes)
 .ARM.attributes
                0x0000000000000000       0x1e /Applications/STM32CubeIDE.app/Contents/Eclipse/plugins/com.st.stm32cube.ide.mcu.externaltools.gnu-tools-for-stm32.11.3.rel1.macos64_1.1.1.202309131626/tools/bin/../lib/gcc/arm-none-eabi/11.3.1/thumb/v7e-m+fp/hard/crti.o
 .ARM.attributes
                0x000000000000001e       0x34 /Applications/STM32CubeIDE.app/Contents/Eclipse/plugins/com.st.stm32cube.ide.mcu.externaltools.gnu-tools-for-stm32.11.3.rel1.macos64_1.1.1.202309131626/tools/bin/../lib/gcc/arm-none-eabi/11.3.1/thumb/v7e-m+fp/hard/crtbegin.o
 .ARM.attributes
                0x0000000000000052       0x34 ./Core/Src/DF_ROBOT_GAS.o
 .ARM.attributes
                0x0000000000000086       0x34 ./Core/Src/main.o
 .ARM.attributes
                0x00000000000000ba       0x34 ./Core/Src/stm32f3xx_hal_msp.o
 .ARM.attributes
                0x00000000000000ee       0x34 ./Core/Src/stm32f3xx_it.o
 .ARM.attributes
                0x0000000000000122       0x34 ./Core/Src/system_stm32f3xx.o
 .ARM.attributes
                0x0000000000000156       0x21 ./Core/Startup/startup_stm32f303vctx.o
 .ARM.attributes
                0x0000000000000177       0x34 ./Drivers/STM32F3xx_HAL_Driver/Src/stm32f3xx_hal.o
 .ARM.attributes
                0x00000000000001ab       0x34 ./Drivers/STM32F3xx_HAL_Driver/Src/stm32f3xx_hal_cortex.o
 .ARM.attributes
                0x00000000000001df       0x34 ./Drivers/STM32F3xx_HAL_Driver/Src/stm32f3xx_hal_gpio.o
 .ARM.attributes
                0x0000000000000213       0x34 ./Drivers/STM32F3xx_HAL_Driver/Src/stm32f3xx_hal_i2c.o
 .ARM.attributes
                0x0000000000000247       0x34 ./Drivers/STM32F3xx_HAL_Driver/Src/stm32f3xx_hal_i2c_ex.o
 .ARM.attributes
                0x000000000000027b       0x34 ./Drivers/STM32F3xx_HAL_Driver/Src/stm32f3xx_hal_rcc.o
 .ARM.attributes
                0x00000000000002af       0x34 ./Drivers/STM32F3xx_HAL_Driver/Src/stm32f3xx_hal_rcc_ex.o
 .ARM.attributes
                0x00000000000002e3       0x34 ./Drivers/STM32F3xx_HAL_Driver/Src/stm32f3xx_hal_uart.o
 .ARM.attributes
                0x0000000000000317       0x34 /Applications/STM32CubeIDE.app/Contents/Eclipse/plugins/com.st.stm32cube.ide.mcu.externaltools.gnu-tools-for-stm32.11.3.rel1.macos64_1.1.1.202309131626/tools/bin/../lib/gcc/arm-none-eabi/11.3.1/../../../../arm-none-eabi/lib/thumb/v7e-m+fp/hard/libc_nano.a(libc_a-memset.o)
 .ARM.attributes
                0x000000000000034b       0x34 /Applications/STM32CubeIDE.app/Contents/Eclipse/plugins/com.st.stm32cube.ide.mcu.externaltools.gnu-tools-for-stm32.11.3.rel1.macos64_1.1.1.202309131626/tools/bin/../lib/gcc/arm-none-eabi/11.3.1/../../../../arm-none-eabi/lib/thumb/v7e-m+fp/hard/libc_nano.a(libc_a-init.o)
 .ARM.attributes
                0x000000000000037f       0x1e /Applications/STM32CubeIDE.app/Contents/Eclipse/plugins/com.st.stm32cube.ide.mcu.externaltools.gnu-tools-for-stm32.11.3.rel1.macos64_1.1.1.202309131626/tools/bin/../lib/gcc/arm-none-eabi/11.3.1/thumb/v7e-m+fp/hard/crtn.o
OUTPUT(Sensor_testing.elf elf32-littlearm)
LOAD linker stubs
LOAD /Applications/STM32CubeIDE.app/Contents/Eclipse/plugins/com.st.stm32cube.ide.mcu.externaltools.gnu-tools-for-stm32.11.3.rel1.macos64_1.1.1.202309131626/tools/bin/../lib/gcc/arm-none-eabi/11.3.1/../../../../arm-none-eabi/lib/thumb/v7e-m+fp/hard/libc.a
LOAD /Applications/STM32CubeIDE.app/Contents/Eclipse/plugins/com.st.stm32cube.ide.mcu.externaltools.gnu-tools-for-stm32.11.3.rel1.macos64_1.1.1.202309131626/tools/bin/../lib/gcc/arm-none-eabi/11.3.1/../../../../arm-none-eabi/lib/thumb/v7e-m+fp/hard/libm.a
LOAD /Applications/STM32CubeIDE.app/Contents/Eclipse/plugins/com.st.stm32cube.ide.mcu.externaltools.gnu-tools-for-stm32.11.3.rel1.macos64_1.1.1.202309131626/tools/bin/../lib/gcc/arm-none-eabi/11.3.1/thumb/v7e-m+fp/hard/libgcc.a

.comment        0x0000000000000000       0x43
 .comment       0x0000000000000000       0x43 /Applications/STM32CubeIDE.app/Contents/Eclipse/plugins/com.st.stm32cube.ide.mcu.externaltools.gnu-tools-for-stm32.11.3.rel1.macos64_1.1.1.202309131626/tools/bin/../lib/gcc/arm-none-eabi/11.3.1/thumb/v7e-m+fp/hard/crtbegin.o
                                         0x44 (size before relaxing)
 .comment       0x0000000000000043       0x44 ./Core/Src/DF_ROBOT_GAS.o
 .comment       0x0000000000000043       0x44 ./Core/Src/main.o
 .comment       0x0000000000000043       0x44 ./Core/Src/stm32f3xx_hal_msp.o
 .comment       0x0000000000000043       0x44 ./Core/Src/stm32f3xx_it.o
 .comment       0x0000000000000043       0x44 ./Core/Src/system_stm32f3xx.o
 .comment       0x0000000000000043       0x44 ./Drivers/STM32F3xx_HAL_Driver/Src/stm32f3xx_hal.o
 .comment       0x0000000000000043       0x44 ./Drivers/STM32F3xx_HAL_Driver/Src/stm32f3xx_hal_cortex.o
 .comment       0x0000000000000043       0x44 ./Drivers/STM32F3xx_HAL_Driver/Src/stm32f3xx_hal_gpio.o
 .comment       0x0000000000000043       0x44 ./Drivers/STM32F3xx_HAL_Driver/Src/stm32f3xx_hal_i2c.o
 .comment       0x0000000000000043       0x44 ./Drivers/STM32F3xx_HAL_Driver/Src/stm32f3xx_hal_i2c_ex.o
 .comment       0x0000000000000043       0x44 ./Drivers/STM32F3xx_HAL_Driver/Src/stm32f3xx_hal_rcc.o
 .comment       0x0000000000000043       0x44 ./Drivers/STM32F3xx_HAL_Driver/Src/stm32f3xx_hal_rcc_ex.o
 .comment       0x0000000000000043       0x44 ./Drivers/STM32F3xx_HAL_Driver/Src/stm32f3xx_hal_uart.o

.debug_info     0x0000000000000000     0xc088
 .debug_info    0x0000000000000000      0x788 ./Core/Src/DF_ROBOT_GAS.o
 .debug_info    0x0000000000000788      0xf1e ./Core/Src/main.o
 .debug_info    0x00000000000016a6      0xd1e ./Core/Src/stm32f3xx_hal_msp.o
 .debug_info    0x00000000000023c4      0x113 ./Core/Src/stm32f3xx_it.o
 .debug_info    0x00000000000024d7      0x407 ./Core/Src/system_stm32f3xx.o
 .debug_info    0x00000000000028de       0x23 ./Core/Startup/startup_stm32f303vctx.o
 .debug_info    0x0000000000002901      0x7d4 ./Drivers/STM32F3xx_HAL_Driver/Src/stm32f3xx_hal.o
 .debug_info    0x00000000000030d5      0xcaf ./Drivers/STM32F3xx_HAL_Driver/Src/stm32f3xx_hal_cortex.o
 .debug_info    0x0000000000003d84      0x5fe ./Drivers/STM32F3xx_HAL_Driver/Src/stm32f3xx_hal_gpio.o
 .debug_info    0x0000000000004382     0x2048 ./Drivers/STM32F3xx_HAL_Driver/Src/stm32f3xx_hal_i2c.o
 .debug_info    0x00000000000063ca      0x824 ./Drivers/STM32F3xx_HAL_Driver/Src/stm32f3xx_hal_i2c_ex.o
 .debug_info    0x0000000000006bee     0x14f1 ./Drivers/STM32F3xx_HAL_Driver/Src/stm32f3xx_hal_rcc.o
 .debug_info    0x00000000000080df      0x601 ./Drivers/STM32F3xx_HAL_Driver/Src/stm32f3xx_hal_rcc_ex.o
 .debug_info    0x00000000000086e0     0x39a8 ./Drivers/STM32F3xx_HAL_Driver/Src/stm32f3xx_hal_uart.o

.debug_abbrev   0x0000000000000000     0x1b45
 .debug_abbrev  0x0000000000000000      0x20f ./Core/Src/DF_ROBOT_GAS.o
 .debug_abbrev  0x000000000000020f      0x2a3 ./Core/Src/main.o
 .debug_abbrev  0x00000000000004b2      0x1b4 ./Core/Src/stm32f3xx_hal_msp.o
 .debug_abbrev  0x0000000000000666       0x73 ./Core/Src/stm32f3xx_it.o
 .debug_abbrev  0x00000000000006d9      0x11a ./Core/Src/system_stm32f3xx.o
 .debug_abbrev  0x00000000000007f3       0x12 ./Core/Startup/startup_stm32f303vctx.o
 .debug_abbrev  0x0000000000000805      0x215 ./Drivers/STM32F3xx_HAL_Driver/Src/stm32f3xx_hal.o
 .debug_abbrev  0x0000000000000a1a      0x329 ./Drivers/STM32F3xx_HAL_Driver/Src/stm32f3xx_hal_cortex.o
 .debug_abbrev  0x0000000000000d43      0x1ca ./Drivers/STM32F3xx_HAL_Driver/Src/stm32f3xx_hal_gpio.o
 .debug_abbrev  0x0000000000000f0d      0x260 ./Drivers/STM32F3xx_HAL_Driver/Src/stm32f3xx_hal_i2c.o
 .debug_abbrev  0x000000000000116d      0x1c2 ./Drivers/STM32F3xx_HAL_Driver/Src/stm32f3xx_hal_i2c_ex.o
 .debug_abbrev  0x000000000000132f      0x300 ./Drivers/STM32F3xx_HAL_Driver/Src/stm32f3xx_hal_rcc.o
 .debug_abbrev  0x000000000000162f      0x245 ./Drivers/STM32F3xx_HAL_Driver/Src/stm32f3xx_hal_rcc_ex.o
 .debug_abbrev  0x0000000000001874      0x2d1 ./Drivers/STM32F3xx_HAL_Driver/Src/stm32f3xx_hal_uart.o

.debug_aranges  0x0000000000000000      0x998
 .debug_aranges
                0x0000000000000000       0x30 ./Core/Src/DF_ROBOT_GAS.o
 .debug_aranges
                0x0000000000000030       0x58 ./Core/Src/main.o
 .debug_aranges
                0x0000000000000088       0x40 ./Core/Src/stm32f3xx_hal_msp.o
 .debug_aranges
                0x00000000000000c8       0x60 ./Core/Src/stm32f3xx_it.o
 .debug_aranges
                0x0000000000000128       0x28 ./Core/Src/system_stm32f3xx.o
 .debug_aranges
                0x0000000000000150       0x28 ./Core/Startup/startup_stm32f303vctx.o
 .debug_aranges
                0x0000000000000178       0xe0 ./Drivers/STM32F3xx_HAL_Driver/Src/stm32f3xx_hal.o
 .debug_aranges
                0x0000000000000258      0x118 ./Drivers/STM32F3xx_HAL_Driver/Src/stm32f3xx_hal_cortex.o
 .debug_aranges
                0x0000000000000370       0x58 ./Drivers/STM32F3xx_HAL_Driver/Src/stm32f3xx_hal_gpio.o
 .debug_aranges
                0x00000000000003c8      0x2a0 ./Drivers/STM32F3xx_HAL_Driver/Src/stm32f3xx_hal_i2c.o
 .debug_aranges
                0x0000000000000668       0x48 ./Drivers/STM32F3xx_HAL_Driver/Src/stm32f3xx_hal_i2c_ex.o
 .debug_aranges
                0x00000000000006b0       0x88 ./Drivers/STM32F3xx_HAL_Driver/Src/stm32f3xx_hal_rcc.o
 .debug_aranges
                0x0000000000000738       0x38 ./Drivers/STM32F3xx_HAL_Driver/Src/stm32f3xx_hal_rcc_ex.o
 .debug_aranges
                0x0000000000000770      0x228 ./Drivers/STM32F3xx_HAL_Driver/Src/stm32f3xx_hal_uart.o

.debug_rnglists
                0x0000000000000000      0x779
 .debug_rnglists
                0x0000000000000000       0x20 ./Core/Src/DF_ROBOT_GAS.o
 .debug_rnglists
                0x0000000000000020       0x40 ./Core/Src/main.o
 .debug_rnglists
                0x0000000000000060       0x2e ./Core/Src/stm32f3xx_hal_msp.o
 .debug_rnglists
                0x000000000000008e       0x43 ./Core/Src/stm32f3xx_it.o
 .debug_rnglists
                0x00000000000000d1       0x1a ./Core/Src/system_stm32f3xx.o
 .debug_rnglists
                0x00000000000000eb       0x19 ./Core/Startup/startup_stm32f303vctx.o
 .debug_rnglists
                0x0000000000000104       0xa3 ./Drivers/STM32F3xx_HAL_Driver/Src/stm32f3xx_hal.o
 .debug_rnglists
                0x00000000000001a7       0xce ./Drivers/STM32F3xx_HAL_Driver/Src/stm32f3xx_hal_cortex.o
 .debug_rnglists
                0x0000000000000275       0x3f ./Drivers/STM32F3xx_HAL_Driver/Src/stm32f3xx_hal_gpio.o
 .debug_rnglists
                0x00000000000002b4      0x228 ./Drivers/STM32F3xx_HAL_Driver/Src/stm32f3xx_hal_i2c.o
 .debug_rnglists
                0x00000000000004dc       0x35 ./Drivers/STM32F3xx_HAL_Driver/Src/stm32f3xx_hal_i2c_ex.o
 .debug_rnglists
                0x0000000000000511       0x66 ./Drivers/STM32F3xx_HAL_Driver/Src/stm32f3xx_hal_rcc.o
 .debug_rnglists
                0x0000000000000577       0x28 ./Drivers/STM32F3xx_HAL_Driver/Src/stm32f3xx_hal_rcc_ex.o
 .debug_rnglists
                0x000000000000059f      0x1da ./Drivers/STM32F3xx_HAL_Driver/Src/stm32f3xx_hal_uart.o

.debug_macro    0x0000000000000000    0x1c66f
 .debug_macro   0x0000000000000000      0x1d2 ./Core/Src/DF_ROBOT_GAS.o
 .debug_macro   0x00000000000001d2      0xaa8 ./Core/Src/DF_ROBOT_GAS.o
 .debug_macro   0x0000000000000c7a      0x151 ./Core/Src/DF_ROBOT_GAS.o
 .debug_macro   0x0000000000000dcb       0x2e ./Core/Src/DF_ROBOT_GAS.o
 .debug_macro   0x0000000000000df9       0x28 ./Core/Src/DF_ROBOT_GAS.o
 .debug_macro   0x0000000000000e21       0x22 ./Core/Src/DF_ROBOT_GAS.o
 .debug_macro   0x0000000000000e43       0x8e ./Core/Src/DF_ROBOT_GAS.o
 .debug_macro   0x0000000000000ed1       0x51 ./Core/Src/DF_ROBOT_GAS.o
 .debug_macro   0x0000000000000f22      0x103 ./Core/Src/DF_ROBOT_GAS.o
 .debug_macro   0x0000000000001025       0x6a ./Core/Src/DF_ROBOT_GAS.o
 .debug_macro   0x000000000000108f      0x1df ./Core/Src/DF_ROBOT_GAS.o
 .debug_macro   0x000000000000126e       0x1c ./Core/Src/DF_ROBOT_GAS.o
 .debug_macro   0x000000000000128a       0x22 ./Core/Src/DF_ROBOT_GAS.o
 .debug_macro   0x00000000000012ac       0xd9 ./Core/Src/DF_ROBOT_GAS.o
 .debug_macro   0x0000000000001385     0x102d ./Core/Src/DF_ROBOT_GAS.o
 .debug_macro   0x00000000000023b2      0x11f ./Core/Src/DF_ROBOT_GAS.o
 .debug_macro   0x00000000000024d1    0x12a3a ./Core/Src/DF_ROBOT_GAS.o
 .debug_macro   0x0000000000014f0b       0x6d ./Core/Src/DF_ROBOT_GAS.o
 .debug_macro   0x0000000000014f78     0x3558 ./Core/Src/DF_ROBOT_GAS.o
 .debug_macro   0x00000000000184d0      0x174 ./Core/Src/DF_ROBOT_GAS.o
 .debug_macro   0x0000000000018644       0x55 ./Core/Src/DF_ROBOT_GAS.o
 .debug_macro   0x0000000000018699      0x961 ./Core/Src/DF_ROBOT_GAS.o
 .debug_macro   0x0000000000018ffa      0x5fe ./Core/Src/DF_ROBOT_GAS.o
 .debug_macro   0x00000000000195f8      0x1b5 ./Core/Src/DF_ROBOT_GAS.o
 .debug_macro   0x00000000000197ad      0x1fb ./Core/Src/DF_ROBOT_GAS.o
 .debug_macro   0x00000000000199a8      0x1dc ./Core/Src/DF_ROBOT_GAS.o
 .debug_macro   0x0000000000019b84      0x1bc ./Core/Src/DF_ROBOT_GAS.o
 .debug_macro   0x0000000000019d40       0x30 ./Core/Src/DF_ROBOT_GAS.o
 .debug_macro   0x0000000000019d70       0x3c ./Core/Src/DF_ROBOT_GAS.o
 .debug_macro   0x0000000000019dac      0x235 ./Core/Src/DF_ROBOT_GAS.o
 .debug_macro   0x0000000000019fe1       0xc5 ./Core/Src/DF_ROBOT_GAS.o
 .debug_macro   0x000000000001a0a6      0x21d ./Core/Src/DF_ROBOT_GAS.o
 .debug_macro   0x000000000001a2c3      0x22c ./Core/Src/DF_ROBOT_GAS.o
 .debug_macro   0x000000000001a4ef       0x5b ./Core/Src/DF_ROBOT_GAS.o
 .debug_macro   0x000000000001a54a       0xa5 ./Core/Src/DF_ROBOT_GAS.o
 .debug_macro   0x000000000001a5ef       0x81 ./Core/Src/DF_ROBOT_GAS.o
 .debug_macro   0x000000000001a670       0xd3 ./Core/Src/DF_ROBOT_GAS.o
 .debug_macro   0x000000000001a743      0x5ba ./Core/Src/DF_ROBOT_GAS.o
 .debug_macro   0x000000000001acfd       0x3e ./Core/Src/DF_ROBOT_GAS.o
 .debug_macro   0x000000000001ad3b      0x275 ./Core/Src/DF_ROBOT_GAS.o
 .debug_macro   0x000000000001afb0       0x16 ./Core/Src/DF_ROBOT_GAS.o
 .debug_macro   0x000000000001afc6      0x1d6 ./Core/Src/main.o
 .debug_macro   0x000000000001b19c       0x1c ./Core/Src/main.o
 .debug_macro   0x000000000001b1b8      0x1cd ./Core/Src/stm32f3xx_hal_msp.o
 .debug_macro   0x000000000001b385      0x1d7 ./Core/Src/stm32f3xx_it.o
 .debug_macro   0x000000000001b55c      0x1c3 ./Core/Src/system_stm32f3xx.o
 .debug_macro   0x000000000001b71f      0x1e7 ./Drivers/STM32F3xx_HAL_Driver/Src/stm32f3xx_hal.o
 .debug_macro   0x000000000001b906      0x1c3 ./Drivers/STM32F3xx_HAL_Driver/Src/stm32f3xx_hal_cortex.o
 .debug_macro   0x000000000001bac9      0x1ca ./Drivers/STM32F3xx_HAL_Driver/Src/stm32f3xx_hal_gpio.o
 .debug_macro   0x000000000001bc93      0x28f ./Drivers/STM32F3xx_HAL_Driver/Src/stm32f3xx_hal_i2c.o
 .debug_macro   0x000000000001bf22      0x1c3 ./Drivers/STM32F3xx_HAL_Driver/Src/stm32f3xx_hal_i2c_ex.o
 .debug_macro   0x000000000001c0e5      0x1e7 ./Drivers/STM32F3xx_HAL_Driver/Src/stm32f3xx_hal_rcc.o
 .debug_macro   0x000000000001c2cc      0x1c3 ./Drivers/STM32F3xx_HAL_Driver/Src/stm32f3xx_hal_rcc_ex.o
 .debug_macro   0x000000000001c48f      0x1e0 ./Drivers/STM32F3xx_HAL_Driver/Src/stm32f3xx_hal_uart.o

.debug_line     0x0000000000000000     0xd973
 .debug_line    0x0000000000000000      0x7a0 ./Core/Src/DF_ROBOT_GAS.o
 .debug_line    0x00000000000007a0      0x8ad ./Core/Src/main.o
 .debug_line    0x000000000000104d      0x7f8 ./Core/Src/stm32f3xx_hal_msp.o
 .debug_line    0x0000000000001845      0x798 ./Core/Src/stm32f3xx_it.o
 .debug_line    0x0000000000001fdd      0x74c ./Core/Src/system_stm32f3xx.o
 .debug_line    0x0000000000002729       0x7a ./Core/Startup/startup_stm32f303vctx.o
 .debug_line    0x00000000000027a3      0x981 ./Drivers/STM32F3xx_HAL_Driver/Src/stm32f3xx_hal.o
 .debug_line    0x0000000000003124      0xc46 ./Drivers/STM32F3xx_HAL_Driver/Src/stm32f3xx_hal_cortex.o
 .debug_line    0x0000000000003d6a      0xae0 ./Drivers/STM32F3xx_HAL_Driver/Src/stm32f3xx_hal_gpio.o
 .debug_line    0x000000000000484a     0x375a ./Drivers/STM32F3xx_HAL_Driver/Src/stm32f3xx_hal_i2c.o
 .debug_line    0x0000000000007fa4      0x8f3 ./Drivers/STM32F3xx_HAL_Driver/Src/stm32f3xx_hal_i2c_ex.o
 .debug_line    0x0000000000008897     0x135b ./Drivers/STM32F3xx_HAL_Driver/Src/stm32f3xx_hal_rcc.o
 .debug_line    0x0000000000009bf2      0xce7 ./Drivers/STM32F3xx_HAL_Driver/Src/stm32f3xx_hal_rcc_ex.o
 .debug_line    0x000000000000a8d9     0x309a ./Drivers/STM32F3xx_HAL_Driver/Src/stm32f3xx_hal_uart.o

.debug_str      0x0000000000000000    0xaa54d
 .debug_str     0x0000000000000000    0xa75d2 ./Core/Src/DF_ROBOT_GAS.o
                                      0xa7d05 (size before relaxing)
 .debug_str     0x00000000000a75d2      0x5f8 ./Core/Src/main.o
                                      0xa8277 (size before relaxing)
 .debug_str     0x00000000000a7bca      0x103 ./Core/Src/stm32f3xx_hal_msp.o
                                      0xa7f4b (size before relaxing)
 .debug_str     0x00000000000a7ccd       0xc9 ./Core/Src/stm32f3xx_it.o
                                      0xa778e (size before relaxing)
 .debug_str     0x00000000000a7d96       0xe9 ./Core/Src/system_stm32f3xx.o
                                      0xa781d (size before relaxing)
 .debug_str     0x00000000000a7e7f       0x34 ./Core/Startup/startup_stm32f303vctx.o
                                         0x83 (size before relaxing)
 .debug_str     0x00000000000a7eb3      0x6da ./Drivers/STM32F3xx_HAL_Driver/Src/stm32f3xx_hal.o
                                      0xa805b (size before relaxing)
 .debug_str     0x00000000000a858d      0x36c ./Drivers/STM32F3xx_HAL_Driver/Src/stm32f3xx_hal_cortex.o
                                      0xa80ad (size before relaxing)
 .debug_str     0x00000000000a88f9      0x167 ./Drivers/STM32F3xx_HAL_Driver/Src/stm32f3xx_hal_gpio.o
                                      0xa798a (size before relaxing)
 .debug_str     0x00000000000a8a60      0xe31 ./Drivers/STM32F3xx_HAL_Driver/Src/stm32f3xx_hal_i2c.o
                                      0xa8b20 (size before relaxing)
 .debug_str     0x00000000000a9891       0xb8 ./Drivers/STM32F3xx_HAL_Driver/Src/stm32f3xx_hal_i2c_ex.o
                                      0xa7d3e (size before relaxing)
 .debug_str     0x00000000000a9949      0x2c6 ./Drivers/STM32F3xx_HAL_Driver/Src/stm32f3xx_hal_rcc.o
                                      0xa7cbd (size before relaxing)
 .debug_str     0x00000000000a9c0f       0xbe ./Drivers/STM32F3xx_HAL_Driver/Src/stm32f3xx_hal_rcc_ex.o
                                      0xa7a81 (size before relaxing)
 .debug_str     0x00000000000a9ccd      0x880 ./Drivers/STM32F3xx_HAL_Driver/Src/stm32f3xx_hal_uart.o
                                      0xa8540 (size before relaxing)

.debug_frame    0x0000000000000000     0x26f4
 .debug_frame   0x0000000000000000       0x88 ./Core/Src/DF_ROBOT_GAS.o
 .debug_frame   0x0000000000000088      0x104 ./Core/Src/main.o
 .debug_frame   0x000000000000018c       0xc8 ./Core/Src/stm32f3xx_hal_msp.o
 .debug_frame   0x0000000000000254      0x104 ./Core/Src/stm32f3xx_it.o
 .debug_frame   0x0000000000000358       0x58 ./Core/Src/system_stm32f3xx.o
 .debug_frame   0x00000000000003b0      0x334 ./Drivers/STM32F3xx_HAL_Driver/Src/stm32f3xx_hal.o
 .debug_frame   0x00000000000006e4      0x498 ./Drivers/STM32F3xx_HAL_Driver/Src/stm32f3xx_hal_cortex.o
 .debug_frame   0x0000000000000b7c      0x14c ./Drivers/STM32F3xx_HAL_Driver/Src/stm32f3xx_hal_gpio.o
 .debug_frame   0x0000000000000cc8      0xc34 ./Drivers/STM32F3xx_HAL_Driver/Src/stm32f3xx_hal_i2c.o
 .debug_frame   0x00000000000018fc      0x100 ./Drivers/STM32F3xx_HAL_Driver/Src/stm32f3xx_hal_i2c_ex.o
 .debug_frame   0x00000000000019fc      0x214 ./Drivers/STM32F3xx_HAL_Driver/Src/stm32f3xx_hal_rcc.o
 .debug_frame   0x0000000000001c10       0xb0 ./Drivers/STM32F3xx_HAL_Driver/Src/stm32f3xx_hal_rcc_ex.o
 .debug_frame   0x0000000000001cc0      0x9e8 ./Drivers/STM32F3xx_HAL_Driver/Src/stm32f3xx_hal_uart.o
 .debug_frame   0x00000000000026a8       0x20 /Applications/STM32CubeIDE.app/Contents/Eclipse/plugins/com.st.stm32cube.ide.mcu.externaltools.gnu-tools-for-stm32.11.3.rel1.macos64_1.1.1.202309131626/tools/bin/../lib/gcc/arm-none-eabi/11.3.1/../../../../arm-none-eabi/lib/thumb/v7e-m+fp/hard/libc_nano.a(libc_a-memset.o)
 .debug_frame   0x00000000000026c8       0x2c /Applications/STM32CubeIDE.app/Contents/Eclipse/plugins/com.st.stm32cube.ide.mcu.externaltools.gnu-tools-for-stm32.11.3.rel1.macos64_1.1.1.202309131626/tools/bin/../lib/gcc/arm-none-eabi/11.3.1/../../../../arm-none-eabi/lib/thumb/v7e-m+fp/hard/libc_nano.a(libc_a-init.o)

.debug_line_str
                0x0000000000000000       0x77
 .debug_line_str
                0x0000000000000000       0x77 ./Core/Startup/startup_stm32f303vctx.o
                                         0x8f (size before relaxing)
